Microsoft (R) Macro Assembler Version 14.31.31107.0	    05/06/22 19:14:30
WriteColor.asm						     Page 1 - 1


				.386
				.model flat,stdcall
 00000000			.data?
 00000000 00			char BYTE ?
 00000000			.code
 00000000			main proc
 00000000  B4 06		L1: mov ah,06h
				; keyboard input
 00000002  B2 FF		mov dl,0FFh
				; don't wait for input
 00000004  CD 21		int 21h
 00000006  74 F8		jz L1
				; no character? repeat loop
 00000008  A2 00000000 R	mov char,al
				; character pressed: save it
				call DumpRegs
WriteColor.asm(16) : error A2006:undefined symbol : DumpRegs
				; display registers
 0000000D			main endp
				end main
Microsoft (R) Macro Assembler Version 14.31.31107.0	    05/06/22 19:14:30
WriteColor.asm						     Symbols 2 - 1




Segments and Groups:

                N a m e                 Size     Length   Align   Combine Class

FLAT . . . . . . . . . . . . . .	GROUP
_BSS . . . . . . . . . . . . . .	32 Bit	 00000001 DWord	  Public  'BSS'  
_DATA  . . . . . . . . . . . . .	32 Bit	 00000000 DWord	  Public  'DATA'	
_TEXT  . . . . . . . . . . . . .	32 Bit	 00000018 DWord	  Public  'CODE'	


Procedures, parameters, and locals:

                N a m e                 Type     Value    Attr

main . . . . . . . . . . . . . .	P Near	 00000000 _TEXT	Length= 00000018 Public STDCALL
  L1 . . . . . . . . . . . . . .	L Near	 00000000 _TEXT	


Symbols:

                N a m e                 Type     Value    Attr

@CodeSize  . . . . . . . . . . .	Number	 00000000h   
@DataSize  . . . . . . . . . . .	Number	 00000000h   
@Interface . . . . . . . . . . .	Number	 00000003h   
@Model . . . . . . . . . . . . .	Number	 00000007h   
@code  . . . . . . . . . . . . .	Text   	 _TEXT
@data  . . . . . . . . . . . . .	Text   	 FLAT
@fardata?  . . . . . . . . . . .	Text   	 FLAT
@fardata . . . . . . . . . . . .	Text   	 FLAT
@stack . . . . . . . . . . . . .	Text   	 FLAT
char . . . . . . . . . . . . . .	Byte	 00000000 _BSS	

	   0 Warnings
	   1 Errors
